// Jest Snapshot v1, https://goo.gl/fbAQLP

exports[`Picker Snap AtPick Snap 1`] = `"<div class=\\"at-picker at-picker--active\\"><div class=\\"at-picker__overlay\\"></div><div class=\\"at-picker__container picker\\"><div class=\\"picker-header\\"><div class=\\"picker-header__btn-close\\">取消</div><div class=\\"picker-header__btn\\">请选择出生日期</div><div class=\\"picker-header__btn-confirm\\">确认</div></div><div class=\\"picker-body\\"><div style=\\"flex:1;\\" class=\\"\\"><div class=\\"picker__group\\"><div class=\\"picker__group__mask\\"></div><div class=\\"picker__group__indicator\\"></div><div style=\\"padding: 1800px 0px 39000px;transform: translate3d(0, -1880px, 0);transition: transform 0s;\\" class=\\"picker__group__content\\"><div style=\\"transform:scale(1);\\" class=\\"picker__group__content__item\\">2015年</div><div style=\\"transform:scale(1);\\" class=\\"picker__group__content__item\\">2016年</div><div style=\\"transform:scale(1);\\" class=\\"picker__group__content__item\\">2017年</div><div style=\\"transform:scale(1);\\" class=\\"picker__group__content__item\\">2018年</div><div style=\\"transform:scale(1);\\" class=\\"picker__group__content__item\\">2019年</div><div style=\\"transform:scale(1.2);\\" class=\\"picker__group__content__item\\">2020年</div><div style=\\"transform:scale(1);\\" class=\\"picker__group__content__item\\">2021年</div><div style=\\"transform:scale(1);\\" class=\\"picker__group__content__item\\">2022年</div><div style=\\"transform:scale(1);\\" class=\\"picker__group__content__item\\">2023年</div><div style=\\"transform:scale(1);\\" class=\\"picker__group__content__item\\">2024年</div><div style=\\"transform:scale(1);\\" class=\\"picker__group__content__item\\">2025年</div></div></div></div>undefinedundefined</div></div></div>"`;
